addGenre: INVALID_INPUT
addGenre: SUCCESS
addGenre: SUCCESS
addGenre: SUCCESS
addGenre: SUCCESS
mergeGenres: SUCCESS
addSong: SUCCESS
mergeGenres: SUCCESS
mergeGenres: SUCCESS
addGenre: SUCCESS
addSong: SUCCESS
addGenre: SUCCESS
mergeGenres: SUCCESS
getSongGenre: SUCCESS, 9755
getNumberOfSongsByGenre: SUCCESS, 0
addSong: SUCCESS
getSongGenre: SUCCESS, 9755
addGenre: SUCCESS
addGenre: SUCCESS
addSong: SUCCESS
addGenre: INVALID_INPUT
getNumberOfGenreChanges: SUCCESS, 3
getNumberOfSongsByGenre: SUCCESS, 0
addSong: SUCCESS
addGenre: SUCCESS
addGenre: SUCCESS
addSong: SUCCESS
getSongGenre: SUCCESS, 9755
addGenre: SUCCESS
addGenre: SUCCESS
addGenre: SUCCESS
addGenre: SUCCESS
addGenre: SUCCESS
addGenre: SUCCESS
mergeGenres: SUCCESS
getSongGenre: SUCCESS, 9755
getSongGenre: SUCCESS, 9755
addGenre: SUCCESS
mergeGenres: SUCCESS
getSongGenre: SUCCESS, 35617
addGenre: INVALID_INPUT
addGenre: SUCCESS
addSong: SUCCESS
getNumberOfSongsByGenre: SUCCESS, 0
mergeGenres: SUCCESS
mergeGenres: SUCCESS
getNumberOfGenreChanges: SUCCESS, 4
getSongGenre: SUCCESS, 12112
addGenre: SUCCESS
addGenre: SUCCESS
addSong: SUCCESS
getNumberOfGenreChanges: SUCCESS, 4
mergeGenres: SUCCESS
addGenre: SUCCESS
addGenre: SUCCESS
addGenre: SUCCESS
getSongGenre: SUCCESS, 9755
mergeGenres: SUCCESS
mergeGenres: SUCCESS
mergeGenres: SUCCESS
addGenre: INVALID_INPUT
getNumberOfGenreChanges: SUCCESS, 2
addGenre: SUCCESS
addSong: SUCCESS
addGenre: SUCCESS
addGenre: SUCCESS
addGenre: SUCCESS
addGenre: SUCCESS
addGenre: SUCCESS
addGenre: SUCCESS
addGenre: SUCCESS
getSongGenre: SUCCESS, 9755
addSong: SUCCESS
getNumberOfGenreChanges: SUCCESS, 4
addGenre: SUCCESS
getNumberOfSongsByGenre: SUCCESS, 0
getSongGenre: SUCCESS, 12112
addGenre: SUCCESS
getNumberOfSongsByGenre: SUCCESS, 0
addGenre: SUCCESS
addGenre: INVALID_INPUT
getNumberOfGenreChanges: SUCCESS, 4
addGenre: SUCCESS
getSongGenre: SUCCESS, 35617
getSongGenre: SUCCESS, 5398
getNumberOfSongsByGenre: SUCCESS, 0
addGenre: SUCCESS
addGenre: SUCCESS
mergeGenres: SUCCESS
addGenre: SUCCESS
addSong: SUCCESS
addGenre: SUCCESS
getSongGenre: SUCCESS, 5398
getSongGenre: SUCCESS, 9755
addSong: SUCCESS
addSong: SUCCESS
addSong: SUCCESS
addSong: SUCCESS
addSong: SUCCESS
mergeGenres: SUCCESS
getNumberOfSongsByGenre: FAILURE
addGenre: SUCCESS
getNumberOfSongsByGenre: SUCCESS, 0
getSongGenre: SUCCESS, 5398
getNumberOfGenreChanges: SUCCESS, 4
addSong: SUCCESS
addGenre: SUCCESS
addGenre: SUCCESS
mergeGenres: SUCCESS
addGenre: SUCCESS
getNumberOfSongsByGenre: SUCCESS, 0
addGenre: SUCCESS
addGenre: SUCCESS
addGenre: SUCCESS
getSongGenre: SUCCESS, 9755
mergeGenres: SUCCESS
getNumberOfGenreChanges: SUCCESS, 2
getNumberOfGenreChanges: SUCCESS, 4
addGenre: SUCCESS
addGenre: SUCCESS
mergeGenres: INVALID_INPUT
getSongGenre: SUCCESS, 9755
mergeGenres: SUCCESS
addGenre: SUCCESS
addSong: SUCCESS
mergeGenres: SUCCESS
getNumberOfSongsByGenre: SUCCESS, 0
addGenre: SUCCESS
addGenre: SUCCESS
addGenre: SUCCESS
getNumberOfGenreChanges: SUCCESS, 2
addGenre: SUCCESS
addGenre: SUCCESS
getNumberOfSongsByGenre: SUCCESS, 0
addGenre: SUCCESS
mergeGenres: SUCCESS
addSong: SUCCESS
addSong: SUCCESS
addGenre: SUCCESS
addGenre: SUCCESS
addGenre: INVALID_INPUT
getSongGenre: SUCCESS, 58177
getNumberOfSongsByGenre: SUCCESS, 0
addGenre: SUCCESS
addSong: SUCCESS
getNumberOfGenreChanges: SUCCESS, 4
addGenre: SUCCESS
addGenre: SUCCESS
getNumberOfSongsByGenre: SUCCESS, 0
addGenre: SUCCESS
getSongGenre: SUCCESS, 12112
getNumberOfSongsByGenre: SUCCESS, 0
addGenre: SUCCESS
getNumberOfGenreChanges: SUCCESS, 3
addGenre: SUCCESS
addGenre: SUCCESS
addGenre: SUCCESS
addGenre: SUCCESS
addGenre: SUCCESS
getNumberOfSongsByGenre: SUCCESS, 1
addGenre: INVALID_INPUT
addGenre: SUCCESS
addSong: SUCCESS
addSong: SUCCESS
addGenre: SUCCESS
addGenre: SUCCESS
mergeGenres: SUCCESS
addGenre: SUCCESS
addGenre: SUCCESS
addSong: SUCCESS
getSongGenre: SUCCESS, 62719
getNumberOfGenreChanges: SUCCESS, 2
getSongGenre: SUCCESS, 21178
getSongGenre: SUCCESS, 35617
getNumberOfGenreChanges: SUCCESS, 3
addGenre: SUCCESS
getNumberOfSongsByGenre: SUCCESS, 0
addSong: SUCCESS
addSong: SUCCESS
addGenre: SUCCESS
addGenre: INVALID_INPUT
getSongGenre: SUCCESS, 64034
addGenre: SUCCESS
addSong: SUCCESS
mergeGenres: SUCCESS
addGenre: SUCCESS
addSong: SUCCESS
addGenre: SUCCESS
getNumberOfSongsByGenre: SUCCESS, 0
addGenre: SUCCESS
addGenre: SUCCESS
getNumberOfGenreChanges: SUCCESS, 2
addSong: SUCCESS
mergeGenres: SUCCESS
getNumberOfSongsByGenre: SUCCESS, 0
getSongGenre: SUCCESS, 16901
addGenre: SUCCESS
getNumberOfGenreChanges: SUCCESS, 1
addGenre: SUCCESS
addSong: SUCCESS
addSong: FAILURE
addGenre: SUCCESS
getSongGenre: SUCCESS, 61795
addSong: SUCCESS
getNumberOfGenreChanges: SUCCESS, 2
getNumberOfGenreChanges: SUCCESS, 2
addGenre: SUCCESS
getNumberOfGenreChanges: SUCCESS, 2
addGenre: SUCCESS
addSong: SUCCESS
addGenre: SUCCESS
getSongGenre: SUCCESS, 27361
getNumberOfGenreChanges: SUCCESS, 2
addGenre: SUCCESS
addGenre: SUCCESS
addGenre: SUCCESS
getNumberOfSongsByGenre: SUCCESS, 1
addSong: SUCCESS
getSongGenre: SUCCESS, 64034
addGenre: SUCCESS
addGenre: INVALID_INPUT
mergeGenres: SUCCESS
getNumberOfSongsByGenre: SUCCESS, 0
mergeGenres: SUCCESS
mergeGenres: SUCCESS
getSongGenre: SUCCESS, 9755
mergeGenres: SUCCESS
getNumberOfGenreChanges: SUCCESS, 2
addSong: SUCCESS
getNumberOfGenreChanges: SUCCESS, 2
addGenre: SUCCESS
getNumberOfSongsByGenre: SUCCESS, 0
addGenre: SUCCESS
addGenre: SUCCESS
addGenre: SUCCESS
addGenre: SUCCESS
addGenre: SUCCESS
addGenre: SUCCESS
addGenre: SUCCESS
addSong: SUCCESS
addGenre: INVALID_INPUT
addGenre: SUCCESS
addGenre: SUCCESS
addGenre: SUCCESS
addGenre: SUCCESS
getSongGenre: SUCCESS, 16901
getSongGenre: SUCCESS, 15724
getSongGenre: SUCCESS, 49145
mergeGenres: SUCCESS
addGenre: SUCCESS
addGenre: SUCCESS
getNumberOfGenreChanges: SUCCESS, 2
addGenre: SUCCESS
getNumberOfSongsByGenre: SUCCESS, 1
addSong: SUCCESS
getNumberOfGenreChanges: SUCCESS, 2
addSong: SUCCESS
addGenre: SUCCESS
addGenre: SUCCESS
mergeGenres: SUCCESS
mergeGenres: INVALID_INPUT
getNumberOfGenreChanges: SUCCESS, 1
addGenre: SUCCESS
getNumberOfSongsByGenre: SUCCESS, 0
getNumberOfGenreChanges: SUCCESS, 2
addSong: SUCCESS
addGenre: SUCCESS
addGenre: SUCCESS
addGenre: SUCCESS
addGenre: SUCCESS
getNumberOfGenreChanges: SUCCESS, 2
addGenre: SUCCESS
mergeGenres: SUCCESS
mergeGenres: SUCCESS
mergeGenres: SUCCESS
addGenre: SUCCESS
addSong: SUCCESS
mergeGenres: SUCCESS
addSong: SUCCESS
getSongGenre: SUCCESS, 12112
addSong: INVALID_INPUT
getSongGenre: SUCCESS, 92122
getNumberOfSongsByGenre: SUCCESS, 0
getNumberOfGenreChanges: SUCCESS, 2
addSong: SUCCESS
addGenre: SUCCESS
getNumberOfSongsByGenre: SUCCESS, 0
addGenre: SUCCESS
addSong: SUCCESS
addGenre: SUCCESS
addGenre: SUCCESS
getNumberOfGenreChanges: SUCCESS, 5
mergeGenres: SUCCESS
addGenre: SUCCESS
getSongGenre: SUCCESS, 58240
addGenre: SUCCESS
addGenre: SUCCESS
getNumberOfGenreChanges: SUCCESS, 3
getNumberOfGenreChanges: SUCCESS, 2
mergeGenres: SUCCESS
addGenre: INVALID_INPUT
getSongGenre: SUCCESS, 43911
addGenre: SUCCESS
getNumberOfSongsByGenre: SUCCESS, 0
mergeGenres: SUCCESS
addGenre: SUCCESS
addGenre: SUCCESS
getSongGenre: SUCCESS, 86717
getSongGenre: SUCCESS, 5398
getSongGenre: SUCCESS, 39688
getSongGenre: SUCCESS, 9755
addGenre: SUCCESS
getSongGenre: SUCCESS, 61795
addGenre: SUCCESS
mergeGenres: SUCCESS
getNumberOfSongsByGenre: SUCCESS, 0
addSong: SUCCESS
getNumberOfSongsByGenre: SUCCESS, 0
addGenre: SUCCESS
addGenre: SUCCESS
addGenre: INVALID_INPUT
addGenre: SUCCESS
getSongGenre: SUCCESS, 9755
addGenre: SUCCESS
addGenre: SUCCESS
addGenre: SUCCESS
addGenre: SUCCESS
addGenre: SUCCESS
addSong: SUCCESS
addGenre: SUCCESS
mergeGenres: SUCCESS
addGenre: SUCCESS
mergeGenres: SUCCESS
getNumberOfSongsByGenre: SUCCESS, 0
getSongGenre: SUCCESS, 77342
getSongGenre: SUCCESS, 8987
addSong: SUCCESS
addGenre: SUCCESS
addGenre: SUCCESS
getNumberOfGenreChanges: SUCCESS, 1
addGenre: INVALID_INPUT
getNumberOfGenreChanges: SUCCESS, 2
addGenre: SUCCESS
addGenre: SUCCESS
addGenre: SUCCESS
addGenre: SUCCESS
getNumberOfGenreChanges: SUCCESS, 2
addGenre: SUCCESS
addGenre: SUCCESS
addSong: SUCCESS
addGenre: SUCCESS
addGenre: SUCCESS
addGenre: SUCCESS
addSong: SUCCESS
addSong: SUCCESS
mergeGenres: SUCCESS
mergeGenres: SUCCESS
getNumberOfGenreChanges: SUCCESS, 1
getNumberOfGenreChanges: SUCCESS, 4
mergeGenres: SUCCESS
getNumberOfGenreChanges: FAILURE
addGenre: SUCCESS
addSong: SUCCESS
addGenre: SUCCESS
addGenre: SUCCESS
addGenre: SUCCESS
mergeGenres: SUCCESS
mergeGenres: SUCCESS
getSongGenre: SUCCESS, 71967
addGenre: SUCCESS
addGenre: SUCCESS
mergeGenres: SUCCESS
mergeGenres: SUCCESS
addGenre: SUCCESS
addGenre: SUCCESS
addGenre: SUCCESS
getNumberOfSongsByGenre: SUCCESS, 0
addGenre: SUCCESS
getNumberOfGenreChanges: SUCCESS, 5
getSongGenre: SUCCESS, 26759
getNumberOfGenreChanges: FAILURE
addGenre: SUCCESS
getNumberOfGenreChanges: SUCCESS, 2
getSongGenre: SUCCESS, 92282
addGenre: SUCCESS
addGenre: SUCCESS
addGenre: SUCCESS
mergeGenres: SUCCESS
getSongGenre: SUCCESS, 19620
addGenre: SUCCESS
getNumberOfSongsByGenre: SUCCESS, 5
getNumberOfGenreChanges: SUCCESS, 2
addGenre: SUCCESS
getSongGenre: SUCCESS, 30647
addSong: SUCCESS
mergeGenres: SUCCESS
getSongGenre: SUCCESS, 30104
getSongGenre: SUCCESS, 10410
getNumberOfSongsByGenre: SUCCESS, 1
addGenre: SUCCESS
addGenre: INVALID_INPUT
addGenre: SUCCESS
addGenre: SUCCESS
addGenre: SUCCESS
getSongGenre: SUCCESS, 74048
getSongGenre: SUCCESS, 5398
mergeGenres: SUCCESS
addGenre: SUCCESS
addGenre: SUCCESS
addGenre: SUCCESS
addGenre: SUCCESS
getSongGenre: SUCCESS, 26759
mergeGenres: SUCCESS
mergeGenres: SUCCESS
addGenre: SUCCESS
addGenre: SUCCESS
getSongGenre: SUCCESS, 26759
getNumberOfSongsByGenre: SUCCESS, 5
mergeGenres: SUCCESS
addGenre: SUCCESS
getNumberOfGenreChanges: FAILURE
addGenre: SUCCESS
mergeGenres: SUCCESS
getNumberOfGenreChanges: SUCCESS, 1
addGenre: SUCCESS
getNumberOfGenreChanges: SUCCESS, 2
addGenre: SUCCESS
getNumberOfGenreChanges: SUCCESS, 2
getNumberOfGenreChanges: SUCCESS, 2
addGenre: SUCCESS
getNumberOfSongsByGenre: SUCCESS, 0
addGenre: SUCCESS
getNumberOfGenreChanges: SUCCESS, 3
getSongGenre: SUCCESS, 30104
mergeGenres: SUCCESS
addGenre: SUCCESS
mergeGenres: SUCCESS
addGenre: SUCCESS
getNumberOfSongsByGenre: SUCCESS, 0
getNumberOfSongsByGenre: SUCCESS, 1
addGenre: INVALID_INPUT
addGenre: SUCCESS
getNumberOfGenreChanges: SUCCESS, 2
addGenre: SUCCESS
mergeGenres: SUCCESS
mergeGenres: SUCCESS
getSongGenre: SUCCESS, 954
getNumberOfSongsByGenre: SUCCESS, 0
getSongGenre: SUCCESS, 20625
getNumberOfSongsByGenre: SUCCESS, 0
getNumberOfSongsByGenre: SUCCESS, 5
addGenre: SUCCESS
getNumberOfGenreChanges: SUCCESS, 2
addGenre: SUCCESS
getNumberOfGenreChanges: SUCCESS, 5
addSong: SUCCESS
getSongGenre: SUCCESS, 5398
addGenre: SUCCESS
addSong: SUCCESS
mergeGenres: SUCCESS
getNumberOfGenreChanges: FAILURE
addSong: SUCCESS
addGenre: SUCCESS
mergeGenres: SUCCESS
addSong: SUCCESS
addGenre: SUCCESS
addGenre: SUCCESS
addGenre: SUCCESS
addGenre: SUCCESS
addGenre: SUCCESS
getSongGenre: SUCCESS, 43911
addGenre: SUCCESS
getNumberOfGenreChanges: SUCCESS, 2
addGenre: SUCCESS
addGenre: SUCCESS
addGenre: SUCCESS
getSongGenre: SUCCESS, 7250
addGenre: SUCCESS
addGenre: SUCCESS
addGenre: SUCCESS
mergeGenres: INVALID_INPUT
mergeGenres: SUCCESS
addGenre: SUCCESS
addGenre: SUCCESS
getSongGenre: SUCCESS, 16901
addGenre: SUCCESS
addGenre: SUCCESS
getNumberOfSongsByGenre: SUCCESS, 5
getNumberOfGenreChanges: SUCCESS, 2
getNumberOfSongsByGenre: SUCCESS, 2
addGenre: SUCCESS
getNumberOfSongsByGenre: SUCCESS, 0
getNumberOfSongsByGenre: SUCCESS, 0
addGenre: SUCCESS
getSongGenre: SUCCESS, 64034
getSongGenre: SUCCESS, 71967
mergeGenres: SUCCESS
mergeGenres: SUCCESS
addGenre: SUCCESS
addSong: SUCCESS
getSongGenre: FAILURE
addGenre: SUCCESS
addGenre: SUCCESS
getSongGenre: SUCCESS, 5398
addSong: SUCCESS
addGenre: SUCCESS
getNumberOfSongsByGenre: SUCCESS, 5
getNumberOfSongsByGenre: SUCCESS, 0
getNumberOfSongsByGenre: SUCCESS, 5
addGenre: SUCCESS
addGenre: SUCCESS
addGenre: SUCCESS
addGenre: SUCCESS
getNumberOfSongsByGenre: SUCCESS, 5
getNumberOfSongsByGenre: SUCCESS, 0
getNumberOfSongsByGenre: SUCCESS, 5
getNumberOfSongsByGenre: SUCCESS, 5
addGenre: SUCCESS
addGenre: SUCCESS
mergeGenres: SUCCESS
mergeGenres: INVALID_INPUT
getSongGenre: SUCCESS, 64034
getNumberOfSongsByGenre: SUCCESS, 5
getSongGenre: SUCCESS, 17503
getNumberOfGenreChanges: SUCCESS, 2
addGenre: SUCCESS
getSongGenre: SUCCESS, 99704
addGenre: SUCCESS
addGenre: SUCCESS
getNumberOfSongsByGenre: SUCCESS, 0
addGenre: SUCCESS
getSongGenre: SUCCESS, 58240
getSongGenre: SUCCESS, 39688
addGenre: SUCCESS
addGenre: SUCCESS
getNumberOfGenreChanges: SUCCESS, 4
getNumberOfGenreChanges: SUCCESS, 4
addGenre: SUCCESS
addGenre: SUCCESS
addGenre: SUCCESS
addGenre: INVALID_INPUT
addGenre: SUCCESS
getNumberOfGenreChanges: SUCCESS, 2
addSong: SUCCESS
addGenre: SUCCESS
getNumberOfSongsByGenre: SUCCESS, 5
getSongGenre: SUCCESS, 69795
addGenre: SUCCESS
mergeGenres: SUCCESS
addGenre: SUCCESS
getNumberOfSongsByGenre: SUCCESS, 0
getNumberOfSongsByGenre: SUCCESS, 5
addGenre: SUCCESS
addGenre: SUCCESS
mergeGenres: SUCCESS
addGenre: SUCCESS
addGenre: SUCCESS
addGenre: SUCCESS
addGenre: SUCCESS
getNumberOfSongsByGenre: SUCCESS, 5
addSong: INVALID_INPUT
addGenre: SUCCESS
addGenre: SUCCESS
addGenre: SUCCESS
addGenre: SUCCESS
addGenre: SUCCESS
mergeGenres: SUCCESS
addGenre: SUCCESS
addGenre: SUCCESS
mergeGenres: SUCCESS
addGenre: SUCCESS
addGenre: SUCCESS
addGenre: SUCCESS
getNumberOfGenreChanges: SUCCESS, 2
getSongGenre: SUCCESS, 61795
addSong: SUCCESS
addGenre: SUCCESS
addGenre: SUCCESS
addGenre: SUCCESS
addGenre: SUCCESS
addSong: INVALID_INPUT
addGenre: SUCCESS
addGenre: SUCCESS
addGenre: SUCCESS
addSong: SUCCESS
addGenre: SUCCESS
addGenre: SUCCESS
addGenre: SUCCESS
addGenre: SUCCESS
getSongGenre: SUCCESS, 22568
