addGenre: INVALID_INPUT
addGenre: SUCCESS
addGenre: SUCCESS
addGenre: SUCCESS
addGenre: SUCCESS
addGenre: SUCCESS
addGenre: SUCCESS
addGenre: SUCCESS
addSong: SUCCESS
mergeGenres: SUCCESS
addGenre: SUCCESS
getNumberOfSongsByGenre: SUCCESS, 0
getNumberOfGenreChanges: SUCCESS, 1
addSong: SUCCESS
addGenre: SUCCESS
getSongGenre: SUCCESS, 14697
addGenre: SUCCESS
addSong: SUCCESS
mergeGenres: SUCCESS
addGenre: SUCCESS
addGenre: INVALID_INPUT
addGenre: SUCCESS
mergeGenres: SUCCESS
addGenre: SUCCESS
getNumberOfSongsByGenre: SUCCESS, 0
addGenre: SUCCESS
addGenre: SUCCESS
getSongGenre: SUCCESS, 88440
addGenre: SUCCESS
addGenre: SUCCESS
addSong: SUCCESS
getNumberOfSongsByGenre: SUCCESS, 0
addGenre: SUCCESS
addSong: SUCCESS
addGenre: SUCCESS
getNumberOfGenreChanges: SUCCESS, 2
mergeGenres: SUCCESS
getNumberOfSongsByGenre: SUCCESS, 0
addGenre: SUCCESS
getNumberOfGenreChanges: SUCCESS, 2
addGenre: INVALID_INPUT
addGenre: SUCCESS
addGenre: SUCCESS
getNumberOfSongsByGenre: SUCCESS, 1
addGenre: SUCCESS
addGenre: SUCCESS
getSongGenre: SUCCESS, 23628
addGenre: SUCCESS
addSong: SUCCESS
getNumberOfGenreChanges: SUCCESS, 2
addGenre: SUCCESS
getSongGenre: SUCCESS, 26364
getNumberOfGenreChanges: SUCCESS, 2
addGenre: SUCCESS
addGenre: SUCCESS
mergeGenres: SUCCESS
addGenre: SUCCESS
getNumberOfSongsByGenre: SUCCESS, 2
addSong: SUCCESS
getSongGenre: SUCCESS, 26406
addSong: INVALID_INPUT
addGenre: SUCCESS
mergeGenres: SUCCESS
addGenre: SUCCESS
mergeGenres: SUCCESS
addGenre: SUCCESS
getNumberOfSongsByGenre: SUCCESS, 0
addGenre: SUCCESS
getNumberOfGenreChanges: SUCCESS, 4
mergeGenres: SUCCESS
mergeGenres: SUCCESS
addGenre: SUCCESS
getSongGenre: SUCCESS, 26406
addGenre: SUCCESS
addSong: SUCCESS
mergeGenres: SUCCESS
addGenre: SUCCESS
addSong: SUCCESS
getSongGenre: SUCCESS, 26290
addSong: SUCCESS
mergeGenres: INVALID_INPUT
addGenre: SUCCESS
mergeGenres: SUCCESS
addSong: SUCCESS
getSongGenre: SUCCESS, 73807
getSongGenre: SUCCESS, 73807
getNumberOfSongsByGenre: SUCCESS, 0
addGenre: SUCCESS
mergeGenres: SUCCESS
addSong: SUCCESS
mergeGenres: SUCCESS
getNumberOfGenreChanges: SUCCESS, 4
addGenre: SUCCESS
getSongGenre: SUCCESS, 23864
addGenre: SUCCESS
getNumberOfSongsByGenre: SUCCESS, 0
getSongGenre: SUCCESS, 32266
getSongGenre: SUCCESS, 26406
addGenre: SUCCESS
getSongGenre: SUCCESS, 23864
mergeGenres: INVALID_INPUT
addGenre: SUCCESS
getNumberOfGenreChanges: SUCCESS, 2
addSong: SUCCESS
addGenre: SUCCESS
addGenre: SUCCESS
addGenre: SUCCESS
addGenre: SUCCESS
getNumberOfGenreChanges: SUCCESS, 2
addGenre: SUCCESS
getNumberOfSongsByGenre: SUCCESS, 0
getNumberOfSongsByGenre: SUCCESS, 0
addGenre: SUCCESS
addGenre: SUCCESS
addGenre: SUCCESS
addGenre: SUCCESS
addGenre: SUCCESS
addGenre: SUCCESS
addGenre: SUCCESS
addGenre: SUCCESS
getNumberOfSongsByGenre: FAILURE
addGenre: SUCCESS
addSong: SUCCESS
getNumberOfSongsByGenre: SUCCESS, 0
mergeGenres: SUCCESS
addSong: SUCCESS
getNumberOfSongsByGenre: SUCCESS, 0
addGenre: SUCCESS
addGenre: SUCCESS
addGenre: SUCCESS
addGenre: SUCCESS
getNumberOfSongsByGenre: SUCCESS, 1
addGenre: SUCCESS
addGenre: SUCCESS
addGenre: SUCCESS
addSong: SUCCESS
mergeGenres: SUCCESS
getSongGenre: SUCCESS, 32266
addGenre: SUCCESS
mergeGenres: SUCCESS
addGenre: INVALID_INPUT
addGenre: SUCCESS
addGenre: SUCCESS
mergeGenres: SUCCESS
addGenre: SUCCESS
addGenre: SUCCESS
addGenre: SUCCESS
addGenre: SUCCESS
addSong: SUCCESS
getNumberOfSongsByGenre: SUCCESS, 0
mergeGenres: SUCCESS
getNumberOfSongsByGenre: SUCCESS, 0
addGenre: SUCCESS
addGenre: SUCCESS
addGenre: SUCCESS
getSongGenre: SUCCESS, 26290
addGenre: SUCCESS
addGenre: SUCCESS
addSong: SUCCESS
addGenre: SUCCESS
addGenre: INVALID_INPUT
addGenre: SUCCESS
getNumberOfGenreChanges: SUCCESS, 3
mergeGenres: SUCCESS
addGenre: SUCCESS
addGenre: SUCCESS
addSong: SUCCESS
addGenre: SUCCESS
getSongGenre: SUCCESS, 43409
getSongGenre: SUCCESS, 26290
addGenre: SUCCESS
addSong: SUCCESS
mergeGenres: SUCCESS
addGenre: SUCCESS
getNumberOfGenreChanges: SUCCESS, 2
addGenre: SUCCESS
addSong: SUCCESS
getNumberOfSongsByGenre: SUCCESS, 0
addGenre: SUCCESS
addGenre: SUCCESS
addGenre: INVALID_INPUT
addGenre: SUCCESS
mergeGenres: SUCCESS
getNumberOfSongsByGenre: SUCCESS, 0
addGenre: SUCCESS
getSongGenre: SUCCESS, 94872
getNumberOfGenreChanges: SUCCESS, 2
addGenre: SUCCESS
mergeGenres: SUCCESS
addGenre: SUCCESS
addGenre: SUCCESS
addGenre: SUCCESS
addGenre: SUCCESS
getNumberOfSongsByGenre: SUCCESS, 0
addGenre: SUCCESS
addGenre: SUCCESS
addGenre: SUCCESS
getNumberOfSongsByGenre: SUCCESS, 0
getSongGenre: SUCCESS, 91440
addGenre: SUCCESS
getNumberOfSongsByGenre: FAILURE
addSong: SUCCESS
addGenre: SUCCESS
addSong: SUCCESS
addGenre: SUCCESS
addGenre: SUCCESS
mergeGenres: SUCCESS
getSongGenre: SUCCESS, 43409
getNumberOfSongsByGenre: SUCCESS, 2
getNumberOfSongsByGenre: SUCCESS, 0
addGenre: SUCCESS
addGenre: SUCCESS
mergeGenres: SUCCESS
getNumberOfGenreChanges: SUCCESS, 4
addGenre: SUCCESS
addGenre: SUCCESS
addGenre: SUCCESS
addGenre: SUCCESS
addGenre: SUCCESS
addGenre: SUCCESS
addGenre: INVALID_INPUT
addGenre: SUCCESS
mergeGenres: SUCCESS
addGenre: SUCCESS
addGenre: SUCCESS
addGenre: SUCCESS
getNumberOfGenreChanges: SUCCESS, 2
addSong: SUCCESS
addGenre: SUCCESS
getSongGenre: SUCCESS, 91440
addSong: SUCCESS
getSongGenre: SUCCESS, 91440
addGenre: SUCCESS
addGenre: SUCCESS
addGenre: SUCCESS
getNumberOfSongsByGenre: SUCCESS, 0
addGenre: SUCCESS
getSongGenre: SUCCESS, 57925
addGenre: SUCCESS
mergeGenres: SUCCESS
addGenre: INVALID_INPUT
getSongGenre: SUCCESS, 26290
addGenre: SUCCESS
mergeGenres: SUCCESS
getSongGenre: SUCCESS, 77721
getNumberOfSongsByGenre: SUCCESS, 0
addSong: SUCCESS
addGenre: SUCCESS
addSong: SUCCESS
getSongGenre: SUCCESS, 43409
addGenre: SUCCESS
getSongGenre: SUCCESS, 77721
getNumberOfGenreChanges: SUCCESS, 2
addGenre: SUCCESS
mergeGenres: SUCCESS
getNumberOfGenreChanges: SUCCESS, 2
addGenre: SUCCESS
addGenre: SUCCESS
mergeGenres: SUCCESS
addGenre: SUCCESS
addGenre: INVALID_INPUT
getNumberOfGenreChanges: SUCCESS, 4
addSong: SUCCESS
getNumberOfSongsByGenre: SUCCESS, 3
mergeGenres: SUCCESS
getNumberOfSongsByGenre: SUCCESS, 3
mergeGenres: SUCCESS
addSong: SUCCESS
getNumberOfSongsByGenre: SUCCESS, 3
addGenre: SUCCESS
mergeGenres: SUCCESS
getNumberOfSongsByGenre: SUCCESS, 3
addGenre: SUCCESS
addGenre: SUCCESS
getNumberOfSongsByGenre: SUCCESS, 1
getNumberOfSongsByGenre: SUCCESS, 3
addGenre: SUCCESS
addSong: SUCCESS
addSong: SUCCESS
mergeGenres: SUCCESS
getSongGenre: FAILURE
addGenre: SUCCESS
mergeGenres: SUCCESS
addGenre: SUCCESS
getNumberOfSongsByGenre: SUCCESS, 0
getNumberOfGenreChanges: SUCCESS, 4
addGenre: SUCCESS
getSongGenre: SUCCESS, 90723
getNumberOfSongsByGenre: SUCCESS, 3
getNumberOfSongsByGenre: SUCCESS, 3
mergeGenres: SUCCESS
getSongGenre: SUCCESS, 57925
addSong: SUCCESS
addGenre: SUCCESS
addGenre: SUCCESS
getNumberOfSongsByGenre: SUCCESS, 3
getNumberOfSongsByGenre: SUCCESS, 3
addGenre: SUCCESS
getSongGenre: SUCCESS, 32648
getNumberOfGenreChanges: SUCCESS, 2
mergeGenres: INVALID_INPUT
getSongGenre: SUCCESS, 54071
addSong: SUCCESS
addGenre: SUCCESS
getSongGenre: SUCCESS, 23628
addGenre: SUCCESS
addGenre: SUCCESS
addGenre: SUCCESS
addGenre: SUCCESS
addSong: SUCCESS
mergeGenres: SUCCESS
addGenre: SUCCESS
getSongGenre: SUCCESS, 26290
getNumberOfGenreChanges: SUCCESS, 2
getSongGenre: SUCCESS, 88440
mergeGenres: SUCCESS
addSong: SUCCESS
mergeGenres: SUCCESS
addGenre: SUCCESS
addGenre: SUCCESS
getSongGenre: FAILURE
addGenre: SUCCESS
addSong: SUCCESS
addGenre: SUCCESS
addGenre: SUCCESS
addGenre: SUCCESS
addGenre: SUCCESS
getNumberOfSongsByGenre: SUCCESS, 3
addGenre: SUCCESS
addGenre: SUCCESS
addGenre: SUCCESS
getNumberOfSongsByGenre: SUCCESS, 3
addGenre: SUCCESS
getSongGenre: SUCCESS, 26290
addGenre: SUCCESS
addGenre: SUCCESS
addGenre: SUCCESS
getSongGenre: SUCCESS, 32648
addGenre: SUCCESS
addGenre: SUCCESS
getNumberOfSongsByGenre: FAILURE
mergeGenres: SUCCESS
getNumberOfGenreChanges: SUCCESS, 2
addGenre: SUCCESS
getNumberOfGenreChanges: SUCCESS, 2
getNumberOfSongsByGenre: SUCCESS, 0
addGenre: SUCCESS
addGenre: SUCCESS
addGenre: SUCCESS
getSongGenre: SUCCESS, 57936
addGenre: SUCCESS
getNumberOfSongsByGenre: SUCCESS, 3
getNumberOfGenreChanges: SUCCESS, 2
addGenre: SUCCESS
addGenre: SUCCESS
getNumberOfSongsByGenre: SUCCESS, 0
addGenre: SUCCESS
mergeGenres: SUCCESS
getNumberOfSongsByGenre: SUCCESS, 3
addGenre: SUCCESS
getSongGenre: FAILURE
addGenre: SUCCESS
addGenre: SUCCESS
addGenre: SUCCESS
addGenre: SUCCESS
addGenre: SUCCESS
addGenre: SUCCESS
getSongGenre: SUCCESS, 94872
addGenre: SUCCESS
getNumberOfSongsByGenre: SUCCESS, 3
mergeGenres: SUCCESS
addGenre: SUCCESS
addGenre: SUCCESS
addGenre: SUCCESS
addGenre: SUCCESS
addGenre: SUCCESS
getNumberOfSongsByGenre: SUCCESS, 3
addGenre: SUCCESS
addSong: SUCCESS
addGenre: SUCCESS
mergeGenres: INVALID_INPUT
addGenre: SUCCESS
addSong: SUCCESS
addGenre: SUCCESS
addSong: SUCCESS
addGenre: SUCCESS
mergeGenres: SUCCESS
mergeGenres: SUCCESS
addGenre: SUCCESS
getSongGenre: SUCCESS, 33189
getNumberOfGenreChanges: SUCCESS, 2
addGenre: SUCCESS
addGenre: SUCCESS
addGenre: SUCCESS
addGenre: SUCCESS
addSong: SUCCESS
addSong: SUCCESS
addGenre: SUCCESS
addGenre: SUCCESS
getSongGenre: SUCCESS, 31299
addSong: INVALID_INPUT
addGenre: SUCCESS
addSong: SUCCESS
addGenre: SUCCESS
addGenre: SUCCESS
addGenre: SUCCESS
mergeGenres: SUCCESS
addGenre: SUCCESS
addGenre: SUCCESS
addGenre: SUCCESS
addGenre: SUCCESS
addGenre: SUCCESS
mergeGenres: SUCCESS
addGenre: SUCCESS
getNumberOfSongsByGenre: SUCCESS, 0
addGenre: SUCCESS
addGenre: SUCCESS
addGenre: SUCCESS
getNumberOfSongsByGenre: SUCCESS, 0
addGenre: SUCCESS
addGenre: INVALID_INPUT
addGenre: SUCCESS
addGenre: SUCCESS
getNumberOfSongsByGenre: SUCCESS, 3
getNumberOfGenreChanges: SUCCESS, 1
addGenre: SUCCESS
getNumberOfSongsByGenre: SUCCESS, 0
addGenre: SUCCESS
addGenre: SUCCESS
addGenre: SUCCESS
getNumberOfSongsByGenre: SUCCESS, 0
getNumberOfSongsByGenre: SUCCESS, 3
addGenre: SUCCESS
addSong: SUCCESS
addGenre: SUCCESS
addGenre: SUCCESS
mergeGenres: SUCCESS
addGenre: SUCCESS
addGenre: SUCCESS
addGenre: SUCCESS
getNumberOfGenreChanges: FAILURE
addGenre: SUCCESS
mergeGenres: SUCCESS
addGenre: SUCCESS
addGenre: SUCCESS
addGenre: SUCCESS
addGenre: SUCCESS
getSongGenre: SUCCESS, 54071
addSong: SUCCESS
addGenre: SUCCESS
getSongGenre: SUCCESS, 26290
addGenre: SUCCESS
mergeGenres: SUCCESS
addGenre: SUCCESS
mergeGenres: SUCCESS
addGenre: SUCCESS
addGenre: SUCCESS
addGenre: SUCCESS
addGenre: SUCCESS
addSong: SUCCESS
getNumberOfGenreChanges: FAILURE
addGenre: SUCCESS
addGenre: SUCCESS
getSongGenre: SUCCESS, 45099
getSongGenre: SUCCESS, 41731
getNumberOfSongsByGenre: SUCCESS, 3
addGenre: SUCCESS
addGenre: SUCCESS
getNumberOfGenreChanges: SUCCESS, 2
getNumberOfGenreChanges: SUCCESS, 3
getSongGenre: SUCCESS, 45099
addGenre: SUCCESS
getNumberOfSongsByGenre: SUCCESS, 0
mergeGenres: SUCCESS
addGenre: SUCCESS
addGenre: SUCCESS
getNumberOfSongsByGenre: SUCCESS, 3
addSong: SUCCESS
addGenre: SUCCESS
mergeGenres: SUCCESS
getNumberOfSongsByGenre: FAILURE
getSongGenre: SUCCESS, 82194
addGenre: SUCCESS
addGenre: SUCCESS
addSong: SUCCESS
addSong: SUCCESS
addGenre: SUCCESS
addGenre: SUCCESS
getSongGenre: SUCCESS, 90723
getNumberOfSongsByGenre: SUCCESS, 0
getNumberOfGenreChanges: SUCCESS, 2
addGenre: SUCCESS
getSongGenre: SUCCESS, 57936
getNumberOfSongsByGenre: SUCCESS, 3
addGenre: SUCCESS
getNumberOfGenreChanges: SUCCESS, 3
addGenre: SUCCESS
getNumberOfSongsByGenre: SUCCESS, 3
getNumberOfSongsByGenre: SUCCESS, 3
mergeGenres: SUCCESS
addGenre: INVALID_INPUT
mergeGenres: SUCCESS
addSong: SUCCESS
addGenre: SUCCESS
mergeGenres: SUCCESS
getSongGenre: SUCCESS, 20246
addGenre: SUCCESS
addGenre: SUCCESS
addGenre: SUCCESS
getNumberOfGenreChanges: SUCCESS, 2
addGenre: SUCCESS
addGenre: SUCCESS
addGenre: SUCCESS
addGenre: SUCCESS
getNumberOfGenreChanges: SUCCESS, 3
mergeGenres: SUCCESS
getNumberOfGenreChanges: SUCCESS, 2
addGenre: SUCCESS
addGenre: SUCCESS
getNumberOfGenreChanges: SUCCESS, 2
addGenre: INVALID_INPUT
addGenre: SUCCESS
mergeGenres: SUCCESS
addGenre: SUCCESS
getNumberOfSongsByGenre: SUCCESS, 3
addSong: SUCCESS
addGenre: SUCCESS
addGenre: SUCCESS
addGenre: SUCCESS
addGenre: SUCCESS
getSongGenre: SUCCESS, 54071
addGenre: SUCCESS
addGenre: SUCCESS
getNumberOfSongsByGenre: SUCCESS, 3
addGenre: SUCCESS
getNumberOfGenreChanges: SUCCESS, 2
addSong: SUCCESS
getNumberOfGenreChanges: SUCCESS, 3
mergeGenres: SUCCESS
addGenre: SUCCESS
addSong: INVALID_INPUT
mergeGenres: SUCCESS
getNumberOfSongsByGenre: SUCCESS, 0
getNumberOfGenreChanges: SUCCESS, 2
mergeGenres: SUCCESS
addGenre: SUCCESS
addGenre: SUCCESS
addSong: SUCCESS
getSongGenre: SUCCESS, 88440
getNumberOfSongsByGenre: SUCCESS, 0
addGenre: SUCCESS
mergeGenres: SUCCESS
getNumberOfGenreChanges: SUCCESS, 3
getNumberOfGenreChanges: SUCCESS, 2
addGenre: SUCCESS
addGenre: SUCCESS
addGenre: SUCCESS
addGenre: SUCCESS
addGenre: SUCCESS
mergeGenres: SUCCESS
mergeGenres: INVALID_INPUT
addGenre: SUCCESS
addGenre: SUCCESS
getNumberOfGenreChanges: SUCCESS, 3
addGenre: SUCCESS
addGenre: SUCCESS
addGenre: SUCCESS
getNumberOfGenreChanges: SUCCESS, 4
getNumberOfSongsByGenre: SUCCESS, 0
addGenre: SUCCESS
addGenre: SUCCESS
addGenre: SUCCESS
getNumberOfGenreChanges: SUCCESS, 2
addGenre: SUCCESS
addGenre: SUCCESS
getNumberOfSongsByGenre: SUCCESS, 0
addGenre: SUCCESS
addGenre: SUCCESS
addGenre: SUCCESS
addGenre: SUCCESS
getNumberOfSongsByGenre: FAILURE
addGenre: SUCCESS
addGenre: SUCCESS
addGenre: SUCCESS
addGenre: SUCCESS
getNumberOfGenreChanges: SUCCESS, 2
addGenre: SUCCESS
addSong: SUCCESS
addGenre: SUCCESS
addGenre: SUCCESS
getSongGenre: SUCCESS, 54071
addSong: SUCCESS
getNumberOfSongsByGenre: SUCCESS, 0
getNumberOfGenreChanges: SUCCESS, 3
addGenre: SUCCESS
mergeGenres: SUCCESS
addGenre: SUCCESS
addGenre: SUCCESS
mergeGenres: SUCCESS
addSong: SUCCESS
mergeGenres: INVALID_INPUT
addGenre: SUCCESS
mergeGenres: SUCCESS
addGenre: SUCCESS
getNumberOfSongsByGenre: SUCCESS, 0
addSong: SUCCESS
getSongGenre: SUCCESS, 33836
addSong: SUCCESS
addGenre: SUCCESS
addGenre: SUCCESS
addGenre: SUCCESS
mergeGenres: SUCCESS
getSongGenre: SUCCESS, 93225
addGenre: SUCCESS
getNumberOfGenreChanges: SUCCESS, 2
addGenre: SUCCESS
getSongGenre: SUCCESS, 93225
getNumberOfGenreChanges: SUCCESS, 1
getNumberOfSongsByGenre: SUCCESS, 0
addGenre: SUCCESS
addGenre: INVALID_INPUT
getNumberOfGenreChanges: SUCCESS, 3
addGenre: SUCCESS
addGenre: SUCCESS
addGenre: SUCCESS
addGenre: SUCCESS
mergeGenres: SUCCESS
addSong: SUCCESS
addGenre: SUCCESS
addGenre: SUCCESS
addGenre: SUCCESS
addGenre: SUCCESS
getSongGenre: SUCCESS, 7012
addGenre: SUCCESS
addGenre: SUCCESS
addGenre: SUCCESS
addGenre: SUCCESS
addGenre: SUCCESS
addGenre: SUCCESS
addGenre: SUCCESS
addGenre: INVALID_INPUT
mergeGenres: SUCCESS
addGenre: SUCCESS
getNumberOfSongsByGenre: SUCCESS, 4
getSongGenre: SUCCESS, 47859
addGenre: SUCCESS
mergeGenres: SUCCESS
addGenre: SUCCESS
mergeGenres: SUCCESS
addGenre: SUCCESS
getNumberOfGenreChanges: SUCCESS, 3
getNumberOfSongsByGenre: SUCCESS, 4
addGenre: SUCCESS
getNumberOfGenreChanges: SUCCESS, 2
addGenre: SUCCESS
addGenre: SUCCESS
getSongGenre: SUCCESS, 93225
addGenre: SUCCESS
addGenre: SUCCESS
addGenre: SUCCESS
getNumberOfGenreChanges: FAILURE
mergeGenres: SUCCESS
getNumberOfSongsByGenre: SUCCESS, 4
addGenre: SUCCESS
addGenre: SUCCESS
addGenre: SUCCESS
getNumberOfSongsByGenre: SUCCESS, 4
getNumberOfGenreChanges: SUCCESS, 2
addGenre: SUCCESS
getNumberOfSongsByGenre: SUCCESS, 0
getNumberOfGenreChanges: SUCCESS, 4
getNumberOfSongsByGenre: SUCCESS, 4
getNumberOfSongsByGenre: SUCCESS, 4
mergeGenres: SUCCESS
addGenre: SUCCESS
addGenre: SUCCESS
addGenre: SUCCESS
addGenre: SUCCESS
getNumberOfGenreChanges: SUCCESS, 3
mergeGenres: SUCCESS
getSongGenre: FAILURE
addGenre: SUCCESS
getNumberOfGenreChanges: SUCCESS, 1
addGenre: SUCCESS
mergeGenres: SUCCESS
getNumberOfSongsByGenre: SUCCESS, 0
getNumberOfSongsByGenre: SUCCESS, 0
addSong: SUCCESS
addGenre: SUCCESS
addGenre: SUCCESS
addGenre: SUCCESS
addGenre: SUCCESS
getNumberOfSongsByGenre: SUCCESS, 1
addGenre: SUCCESS
addSong: SUCCESS
getNumberOfSongsByGenre: SUCCESS, 0
addSong: SUCCESS
addSong: SUCCESS
addGenre: SUCCESS
getNumberOfSongsByGenre: SUCCESS, 1
getSongGenre: FAILURE
addGenre: SUCCESS
addGenre: SUCCESS
addGenre: SUCCESS
getNumberOfGenreChanges: SUCCESS, 3
addGenre: SUCCESS
addGenre: SUCCESS
addSong: SUCCESS
getSongGenre: SUCCESS, 32648
addGenre: SUCCESS
addSong: SUCCESS
addGenre: SUCCESS
addGenre: SUCCESS
mergeGenres: SUCCESS
addGenre: SUCCESS
addGenre: SUCCESS
mergeGenres: SUCCESS
addSong: SUCCESS
addGenre: SUCCESS
getSongGenre: SUCCESS, 38355
mergeGenres: INVALID_INPUT
addGenre: SUCCESS
getNumberOfSongsByGenre: SUCCESS, 4
getNumberOfSongsByGenre: SUCCESS, 4
getNumberOfSongsByGenre: SUCCESS, 1
addGenre: SUCCESS
addGenre: SUCCESS
mergeGenres: SUCCESS
getSongGenre: SUCCESS, 57936
getNumberOfGenreChanges: SUCCESS, 2
addGenre: SUCCESS
mergeGenres: SUCCESS
addGenre: SUCCESS
addGenre: SUCCESS
getNumberOfSongsByGenre: SUCCESS, 0
addGenre: SUCCESS
addSong: SUCCESS
getNumberOfSongsByGenre: SUCCESS, 0
addGenre: SUCCESS
getNumberOfGenreChanges: SUCCESS, 2
mergeGenres: INVALID_INPUT
addGenre: SUCCESS
getSongGenre: SUCCESS, 26379
mergeGenres: SUCCESS
getNumberOfSongsByGenre: SUCCESS, 4
addGenre: SUCCESS
getNumberOfSongsByGenre: SUCCESS, 4
addGenre: SUCCESS
mergeGenres: SUCCESS
getSongGenre: SUCCESS, 65703
getSongGenre: SUCCESS, 92833
addGenre: SUCCESS
addSong: SUCCESS
addGenre: SUCCESS
addGenre: SUCCESS
addSong: SUCCESS
mergeGenres: SUCCESS
getSongGenre: SUCCESS, 74104
mergeGenres: SUCCESS
addSong: SUCCESS
addGenre: INVALID_INPUT
addGenre: SUCCESS
addSong: SUCCESS
getSongGenre: SUCCESS, 90723
addGenre: SUCCESS
addGenre: SUCCESS
mergeGenres: SUCCESS
getSongGenre: SUCCESS, 27583
addGenre: SUCCESS
getNumberOfGenreChanges: SUCCESS, 3
getNumberOfSongsByGenre: SUCCESS, 1
addGenre: SUCCESS
mergeGenres: SUCCESS
addSong: SUCCESS
getNumberOfSongsByGenre: SUCCESS, 2
addGenre: SUCCESS
addGenre: SUCCESS
getSongGenre: SUCCESS, 33836
getNumberOfSongsByGenre: SUCCESS, 0
addGenre: SUCCESS
addGenre: INVALID_INPUT
addGenre: SUCCESS
addSong: SUCCESS
getSongGenre: SUCCESS, 88747
addGenre: SUCCESS
addGenre: SUCCESS
addGenre: SUCCESS
addGenre: SUCCESS
addGenre: SUCCESS
addGenre: SUCCESS
getNumberOfGenreChanges: SUCCESS, 2
addGenre: SUCCESS
addGenre: SUCCESS
getNumberOfSongsByGenre: SUCCESS, 2
addSong: SUCCESS
getSongGenre: SUCCESS, 7012
getNumberOfSongsByGenre: SUCCESS, 4
getSongGenre: SUCCESS, 7012
addGenre: SUCCESS
addGenre: SUCCESS
mergeGenres: INVALID_INPUT
getSongGenre: SUCCESS, 86600
getNumberOfSongsByGenre: SUCCESS, 0
addGenre: SUCCESS
addGenre: SUCCESS
addGenre: SUCCESS
getSongGenre: SUCCESS, 12026
getNumberOfGenreChanges: SUCCESS, 3
getSongGenre: SUCCESS, 43684
addSong: SUCCESS
addGenre: SUCCESS
getSongGenre: SUCCESS, 8773
getNumberOfSongsByGenre: SUCCESS, 0
getSongGenre: SUCCESS, 29418
getNumberOfSongsByGenre: SUCCESS, 0
addSong: SUCCESS
addGenre: SUCCESS
addGenre: SUCCESS
mergeGenres: SUCCESS
getNumberOfSongsByGenre: SUCCESS, 2
addSong: FAILURE
mergeGenres: SUCCESS
addGenre: SUCCESS
getSongGenre: SUCCESS, 91440
addGenre: SUCCESS
mergeGenres: SUCCESS
mergeGenres: SUCCESS
getNumberOfSongsByGenre: SUCCESS, 2
addGenre: SUCCESS
addGenre: SUCCESS
addGenre: SUCCESS
getNumberOfSongsByGenre: SUCCESS, 0
addGenre: SUCCESS
getNumberOfSongsByGenre: SUCCESS, 0
addSong: SUCCESS
getNumberOfSongsByGenre: SUCCESS, 4
mergeGenres: SUCCESS
addGenre: SUCCESS
getNumberOfSongsByGenre: SUCCESS, 0
addGenre: SUCCESS
addGenre: INVALID_INPUT
getNumberOfSongsByGenre: SUCCESS, 0
addGenre: SUCCESS
addGenre: SUCCESS
addGenre: SUCCESS
getNumberOfSongsByGenre: SUCCESS, 0
addGenre: SUCCESS
addGenre: SUCCESS
addGenre: SUCCESS
addGenre: SUCCESS
getSongGenre: SUCCESS, 57936
getSongGenre: SUCCESS, 98930
addGenre: SUCCESS
addGenre: SUCCESS
addGenre: SUCCESS
getNumberOfGenreChanges: SUCCESS, 2
addSong: SUCCESS
getNumberOfGenreChanges: SUCCESS, 3
addGenre: SUCCESS
mergeGenres: SUCCESS
addGenre: INVALID_INPUT
addGenre: SUCCESS
addSong: SUCCESS
getSongGenre: SUCCESS, 15579
addGenre: SUCCESS
getSongGenre: SUCCESS, 90723
getNumberOfSongsByGenre: SUCCESS, 2
addGenre: SUCCESS
addGenre: SUCCESS
getNumberOfGenreChanges: SUCCESS, 2
getSongGenre: SUCCESS, 5124
addGenre: SUCCESS
addGenre: SUCCESS
addGenre: SUCCESS
getNumberOfSongsByGenre: SUCCESS, 2
mergeGenres: SUCCESS
addGenre: SUCCESS
mergeGenres: SUCCESS
addGenre: SUCCESS
addGenre: SUCCESS
getNumberOfGenreChanges: FAILURE
getNumberOfSongsByGenre: SUCCESS, 0
mergeGenres: SUCCESS
mergeGenres: SUCCESS
mergeGenres: SUCCESS
mergeGenres: SUCCESS
mergeGenres: SUCCESS
getSongGenre: SUCCESS, 64250
addGenre: SUCCESS
addGenre: SUCCESS
addGenre: SUCCESS
getNumberOfSongsByGenre: SUCCESS, 0
addGenre: SUCCESS
addGenre: SUCCESS
mergeGenres: SUCCESS
getNumberOfGenreChanges: SUCCESS, 1
addGenre: SUCCESS
getNumberOfSongsByGenre: SUCCESS, 2
addGenre: SUCCESS
getSongGenre: SUCCESS, 92833
addGenre: INVALID_INPUT
getNumberOfSongsByGenre: SUCCESS, 2
getSongGenre: SUCCESS, 12026
getSongGenre: SUCCESS, 32648
addGenre: SUCCESS
addSong: SUCCESS
addGenre: SUCCESS
addGenre: SUCCESS
addGenre: SUCCESS
addGenre: SUCCESS
addGenre: SUCCESS
addSong: SUCCESS
addGenre: SUCCESS
addGenre: SUCCESS
addSong: SUCCESS
addGenre: SUCCESS
getNumberOfSongsByGenre: SUCCESS, 2
getNumberOfGenreChanges: SUCCESS, 2
mergeGenres: SUCCESS
mergeGenres: SUCCESS
mergeGenres: INVALID_INPUT
getSongGenre: SUCCESS, 98930
addGenre: SUCCESS
getNumberOfGenreChanges: SUCCESS, 2
addGenre: SUCCESS
getSongGenre: SUCCESS, 7012
getNumberOfGenreChanges: SUCCESS, 3
addGenre: SUCCESS
getNumberOfSongsByGenre: SUCCESS, 1
mergeGenres: SUCCESS
getSongGenre: SUCCESS, 64341
addSong: SUCCESS
mergeGenres: SUCCESS
addGenre: SUCCESS
getNumberOfGenreChanges: SUCCESS, 2
addGenre: SUCCESS
addGenre: SUCCESS
addGenre: SUCCESS
mergeGenres: SUCCESS
getNumberOfSongsByGenre: SUCCESS, 1
addGenre: INVALID_INPUT
addGenre: SUCCESS
addSong: SUCCESS
mergeGenres: SUCCESS
getNumberOfSongsByGenre: SUCCESS, 0
addGenre: SUCCESS
getNumberOfSongsByGenre: SUCCESS, 0
mergeGenres: SUCCESS
addGenre: SUCCESS
addGenre: SUCCESS
getSongGenre: SUCCESS, 15579
getNumberOfSongsByGenre: SUCCESS, 0
getNumberOfGenreChanges: SUCCESS, 3
addGenre: SUCCESS
addGenre: SUCCESS
addSong: SUCCESS
addGenre: SUCCESS
